// Jest Snapshot v1, https://goo.gl/fbAQLP

exports[`Products page test case Snapshot test case 1`] = `ReactWrapper {}`;
